// Bun Snapshot v1, https://goo.gl/fbAQLP

exports[`ProfileAvatar renders correctly 1`] = `
"<DocumentFragment>
  <img
    alt="Profile Avatar"
    class="rounded-md dark:bg-[#FFFFFF0F] bg-[#0000000A]"
    src="data:image/svg+xml;base64,PHN2ZyB4bWxucz0naHR0cDovL3d3dy53My5vcmcvMjAwMC9zdmcnIHdpZHRoPSc3MDAnIGhlaWdodD0nNzAwJyBzdHlsZT0nYmFja2dyb3VuZC1jb2xvcjpyZ2JhKDI1NSwyNTUsMjU1LDApOyc+PGcgc3R5bGU9J2ZpbGw6cmdiYSgyMjUsMjI1LDI0OSwxKTsgc3Ryb2tlOnJnYmEoMjI1LDIyNSwyNDksMSk7IHN0cm9rZS13aWR0aDozLjU7Jz48cmVjdCAgeD0nMzA5JyB5PScyMjgnIHdpZHRoPSc4MScgaGVpZ2h0PSc4MScvPjxyZWN0ICB4PSczMDknIHk9JzM5MCcgd2lkdGg9JzgxJyBoZWlnaHQ9JzgxJy8+PHJlY3QgIHg9JzMwOScgeT0nNDcxJyB3aWR0aD0nODEnIGhlaWdodD0nODEnLz48cmVjdCAgeD0nMjI4JyB5PScxNDcnIHdpZHRoPSc4MScgaGVpZ2h0PSc4MScvPjxyZWN0ICB4PSczOTAnIHk9JzE0Nycgd2lkdGg9JzgxJyBoZWlnaHQ9JzgxJy8+PHJlY3QgIHg9JzIyOCcgeT0nMjI4JyB3aWR0aD0nODEnIGhlaWdodD0nODEnLz48cmVjdCAgeD0nMzkwJyB5PScyMjgnIHdpZHRoPSc4MScgaGVpZ2h0PSc4MScvPjxyZWN0ICB4PScyMjgnIHk9JzQ3MScgd2lkdGg9JzgxJyBoZWlnaHQ9JzgxJy8+PHJlY3QgIHg9JzM5MCcgeT0nNDcxJyB3aWR0aD0nODEnIGhlaWdodD0nODEnLz48cmVjdCAgeD0nMTQ3JyB5PSc0NzEnIHdpZHRoPSc4MScgaGVpZ2h0PSc4MScvPjxyZWN0ICB4PSc0NzEnIHk9JzQ3MScgd2lkdGg9JzgxJyBoZWlnaHQ9JzgxJy8+PC9nPjwvc3ZnPg=="
    style="height: 44px; width: 44px;"
  />
</DocumentFragment>"
`;
