// Bun Snapshot v1, https://goo.gl/fbAQLP

exports[`MaxButton works 1`] = `
"<DocumentFragment>
  <button
    class="text-xs text-primary cursor-pointer"
    type="button"
  >
    MAX
  </button>
</DocumentFragment>"
`;
